// Jest Snapshot v1, https://goo.gl/fbAQLP

exports[`Home component matches a snapshot 1`] = `
<DocumentFragment>
  <section
    class="col-md-8"
  >
    <div
      class="home-card card"
    >
      <div
        class="text-center card-body"
      >
        <div
          class="card-title"
        >
          <p
            class="fw-bold"
            style="font-size: 1.5em;"
          >
            Daily Medication Tracker
          </p>
        </div>
        <p
          class="card-text"
        >
          Never forget your daily meds again!
        </p>
        <img
          alt="Rx symbol"
          class="rx-image"
          src="Rx_symbol.png"
        />
      </div>
    </div>
  </section>
</DocumentFragment>
`;
